<div class="list">
		<h2>First List</h2>
			<div class="list__item">		<p>First Item</p>
</div>
			<div class="list__item">		<p>Second Item</p>
</div>
			<div class="list__item">		<p>Third Item</p>
</div>
		<h2>Second List</h2>
			<div class="list__item">		<p>This part will go to "block-items" array</p>
</div>
</div>
